---
source: tests/integration.rs
expression: xml
---
<testsuites>
    <testsuite name="testsuite" tests="1" failures="0">
        <testcase name="delete_with_204" time="0.00">
            <system-out>
[[PROPERTY|path=/pets/1]]
[[PROPERTY|method=DELETE]]
[[PROPERTY|pathParameter-petId=1]]
[[PROPERTY|statusCode=204]]
[[PROPERTY|operationId=deletePet]]
[[PROPERTY|responseContentType=]]
            </system-out>
        </testcase>
    </testsuite>
</testsuites>
