---
source: tests/integration.rs
expression: xml
---
<testsuites>
    <testsuite name="openapi-validator-proxy" tests="1" failures="1">
        <testcase name="GET /pets/1 failed_validation_unexpected_null" time="0.00">
            <system-out>
[[PROPERTY|correlationId=failed_validation_unexpected_null]]
[[PROPERTY|method=GET]]
[[PROPERTY|operationId=showPetById]]
[[PROPERTY|path=/pets/1]]
[[PROPERTY|pathParameter-petId=1]]
[[PROPERTY|responseContentType=application/json]]
[[PROPERTY|statusCode=200]]
            </system-out>
            <failure type="FailedValidation.UnexpectedNull" message="failure">
[[PROPERTY|correlationId=failed_validation_unexpected_null]]
[[PROPERTY|method=GET]]
[[PROPERTY|operationId=showPetById]]
[[PROPERTY|path=/pets/1]]
[[PROPERTY|pathParameter-petId=1]]
[[PROPERTY|responseContentType=application/json]]
[[PROPERTY|statusCode=200]]

Failure message:
Received null value when null is not allowed at /id/
            </failure>
        </testcase>
    </testsuite>
</testsuites>
