---
source: tests/integration.rs
expression: xml
---
<testsuites>
    <testsuite name="testsuite" tests="1" failures="1">
        <testcase name="path_not_found" time="0.00">
            <system-out>
[[PROPERTY|path=/pet]]
[[PROPERTY|method=GET]]
[[PROPERTY|statusCode=404]]
            </system-out>
            <failure type="PathNotFound" message="error">Path not found</failure>
        </testcase>
    </testsuite>
</testsuites>
